........................................................................ [  2%]
........................................................................ [  4%]
........................................................................ [  7%]
........................................................................ [  9%]
........................................................................ [ 12%]
........................................................................ [ 14%]
........................................................................ [ 17%]
........................................................................ [ 19%]
........................................................................ [ 21%]
........................................................................ [ 24%]
........................................................................ [ 26%]
........................................................................ [ 29%]
........................................................................ [ 31%]
........................................................................ [ 34%]
........................................................................ [ 36%]
........................................................................ [ 38%]
........................................................................ [ 41%]
........................................................................ [ 43%]
........................................................................ [ 46%]
........................................................................ [ 48%]
........................................................................ [ 51%]
........................................................................ [ 53%]
........................................................................ [ 55%]
........................................................................ [ 58%]
........................................................................ [ 60%]
........................................................................ [ 63%]
........................................................................ [ 65%]
........................................................................ [ 68%]
........................................................................ [ 70%]
........................................................................ [ 72%]
........................................................................ [ 75%]
........................................................................ [ 77%]
........................................................................ [ 80%]
